// Jest Snapshot v1, https://goo.gl/fbAQLP

exports[`AppRoot component displays \`Loading...\` while waiting for data 1`] = `
<div
  className="MuiContainer-root MuiContainer-maxWidthLg"
>
  <div
    className="MuiBox-root MuiBox-root-6 makeStyles-progress-3"
  >
    <div
      className="MuiCircularProgress-root MuiCircularProgress-colorPrimary MuiCircularProgress-indeterminate"
      role="progressbar"
      style={
        Object {
          "height": 40,
          "width": 40,
        }
      }
    >
      <svg
        className="MuiCircularProgress-svg"
        viewBox="22 22 44 44"
      >
        <circle
          className="MuiCircularProgress-circle MuiCircularProgress-circleIndeterminate"
          cx={44}
          cy={44}
          fill="none"
          r={20.2}
          strokeWidth={3.6}
          style={Object {}}
        />
      </svg>
    </div>
  </div>
</div>
`;

exports[`AppRoot component displays a StrongMotionStaton using mock graphql payload 1`] = `
<AppRoot
  environment={"RelayModernEnvironment(RelayModernMockEnvironment)"}
/>
`;
